((((KR029790.1.1200:0.3412460079,(HM046431.1.1200:0.3966728374,(FJ503081.1.1238:0.2229203498,AJ239312.1.1355:0.9510034174):0.1175237135):0.7282223303):0.2074656105,(KT873246.1.1201:0.5255201927,((EU455199.1.1210:0.03487912822,KF084610.1.1355:0.3777372711):0.8462689649,(KX212247.1.1200:0.5471409685,EU776908.1.1289:0.3570258194):0.5782149222):0.7551903364):0.6336087822):0.01758203772,(((((AE000513.2467934.2469435:0.9141855224,FJ981654.1.1204:0.3835550474):0.1391045887,(FJ753830.1.1232:0.3219237432,(EU156766.1.1269:0.1551295035,((KX792215.1.1201:0.2823668567,(e028a0db64a79ab1ec86a07447ad726e:0.1695757068,FJ371873.1.1224:0.6575653362):0.1741541885):0.3346309306,(CAQA01000070.1409.4877:0.07915082574,(EU510027.1.1344:0.5584210602,GFIM01005958.9.1236:0.2893839621):0.5267398339):0.2198507285):0.3256308336):0.1367366824):0.4247729713):0.5595743998,(LC198619.1.1220:0.07833527401,KX984117.1.1262:0.3916352137):0.6030957738):0.4924307698,(EU762772.1.1354:0.1368123372,4cddfed97ed397e48febf56da534b2a7:0.9156304831):0.5807124912):0.2113302064,((((DQ796136.1.1225:0.9630343672,DQ801220.1.1342:0.3953822923):0.3262188646,CVLP01000086.4757.6053:0.3186473474):0.6413940738,((DQ441256.1.1313:0.5140808136,(AY981913.1.1349:0.4756419444,JQ189739.1.1362:0.7797457834):0.4638931998):0.80602711,(GQ448970.1.1284:0.4947795684,DQ793742.1.1312:0.3441222829):0.3614667866):0.05902882526):0.7333211382,(((KX792217.1.1200:0.07159811468,JQ186757.1.1359:0.8963156696):0.08389587933,LN611354.1.1200:0.8206886183):0.09349266603,f0a99f591da5ea357f519648de1daf71:0.2530109202):0.8277169697):0.9564161664):0.9815031632):0.4525875461,(EU767188.1.1370:0.1515382342,((DQ823971.1.1252:0.4721094922,EU765294.1.1363:0.4571107517):0.3938728925,(KF571471.1.1207:0.3789036137,CP000721.924919.926423:0.1322701965):0.8428773768):0.6921877353):0.13617887);